
> ai-engineer-portfolio@0.1.0 build
> next build

  ▲ Next.js 14.2.35

   Creating an optimized production build ...
Failed to compile.

./src/components/reactbits/LogoLoop.tsx
Error: 
  [31mx[0m You're importing a component that needs useRef. It only works in a Client Component but none of its parents are marked with "use client", so they're Server Components by default.
  [31m|[0m Learn more: https://nextjs.org/docs/getting-started/react-essentials
  [31m|[0m 
  [31m|[0m 
   ,-[[36;1;4mC:\Users\MOHSIN MALIK\Desktop\Mohsin Portfolio\src\components\reactbits\LogoLoop.tsx[0m:1:1]
 [2m1[0m | // @ts-nocheck
 [2m2[0m | import React, { useRef, useState, useEffect } from 'react';
   : [31;1m                ^^^^^^[0m
 [2m3[0m | import './LogoLoop.css';
 [2m4[0m | 
 [2m4[0m | const LogoLoop = ({
   `----

  [31mx[0m You're importing a component that needs useState. It only works in a Client Component but none of its parents are marked with "use client", so they're Server Components by default.
  [31m|[0m Learn more: https://nextjs.org/docs/getting-started/react-essentials
  [31m|[0m 
  [31m|[0m 
   ,-[[36;1;4mC:\Users\MOHSIN MALIK\Desktop\Mohsin Portfolio\src\components\reactbits\LogoLoop.tsx[0m:1:1]
 [2m1[0m | // @ts-nocheck
 [2m2[0m | import React, { useRef, useState, useEffect } from 'react';
   : [31;1m                        ^^^^^^^^[0m
 [2m3[0m | import './LogoLoop.css';
 [2m4[0m | 
 [2m4[0m | const LogoLoop = ({
   `----

  [31mx[0m You're importing a component that needs useEffect. It only works in a Client Component but none of its parents are marked with "use client", so they're Server Components by default.
  [31m|[0m Learn more: https://nextjs.org/docs/getting-started/react-essentials
  [31m|[0m 
  [31m|[0m 
   ,-[[36;1;4mC:\Users\MOHSIN MALIK\Desktop\Mohsin Portfolio\src\components\reactbits\LogoLoop.tsx[0m:1:1]
 [2m1[0m | // @ts-nocheck
 [2m2[0m | import React, { useRef, useState, useEffect } from 'react';
   : [31;1m                                  ^^^^^^^^^[0m
 [2m3[0m | import './LogoLoop.css';
 [2m4[0m | 
 [2m4[0m | const LogoLoop = ({
   `----

Import trace for requested module:
./src/components/reactbits/LogoLoop.tsx
./src/app/page.tsx


> Build failed because of webpack errors
