src/components/cinematic-hero/ScrollAnimationWrapper.tsx(10,27): error TS2503: Cannot find namespace 'THREE'.
